(c) Copyright IBM Corporation 1993,2007
Command Line Processor for DB2 Client 11.5.9.0

You can issue database manager commands and SQL statements from the command 
prompt. For example:
    db2 => connect to sample
    db2 => bind sample.bnd

For general help, type: ?.
For command help, type: ? command, where command can be
the first few keywords of a database manager command. For example:
 ? CATALOG DATABASE for help on the CATALOG DATABASE command
 ? CATALOG          for help on all of the CATALOG commands.

To exit db2 interactive mode, type QUIT at the command prompt. Outside 
interactive mode, all commands must be prefixed with 'db2'.
To list the current command option settings, type LIST COMMAND OPTIONS.

For more detailed help, refer to the Online Reference Manual.

db2 => db2 => db2 => db2 => db2 => CONNECT TO COMP421

   Database Connection Information

 Database server        = DB2/LINUXX8664 11.5.9.0
 SQL authorization ID   = CS421G66
 Local database alias   = COMP421


db2 => db2 => db2 (cont.) => db2 (cont.) => db2 (cont.) => db2 (cont.) => CREATE TABLE Area ( areaID INT NOT NULL PRIMARY KEY, areaName VARCHAR(100) NOT NULL )
DB20000I  The SQL command completed successfully.

db2 => db2 => db2 (cont.) => db2 (cont.) => db2 (cont.) => db2 (cont.) => db2 (cont.) => CREATE TABLE VehicleClass ( classID INT NOT NULL PRIMARY KEY, className VARCHAR(100) NOT NULL, securityDeposit DECIMAL(10,2) NOT NULL )
DB20000I  The SQL command completed successfully.

db2 => db2 => db2 (cont.) => db2 (cont.) => db2 (cont.) => db2 (cont.) => db2 (cont.) => db2 (cont.) => db2 (cont.) => db2 (cont.) => db2 (cont.) => CREATE TABLE Branch ( branchID INT NOT NULL PRIMARY KEY, address VARCHAR(200), phone_number VARCHAR(20), city VARCHAR(100), areaID INT NOT NULL, managerID INT, FOREIGN KEY (areaID) REFERENCES Area(areaID) )
DB20000I  The SQL command completed successfully.

db2 => db2 => db2 (cont.) => db2 (cont.) => db2 (cont.) => db2 (cont.) => db2 (cont.) => db2 (cont.) => db2 (cont.) => db2 (cont.) => db2 (cont.) => CREATE TABLE Employee ( eID INT NOT NULL PRIMARY KEY, name VARCHAR(150) NOT NULL, salary DECIMAL(12,2), branchID INT NOT NULL, supervisorID INT, FOREIGN KEY (branchID) REFERENCES Branch(branchID), FOREIGN KEY (supervisorID) REFERENCES Employee(eID) )
DB20000I  The SQL command completed successfully.

db2 => db2 => db2 (cont.) => db2 (cont.) => db2 (cont.) => db2 (cont.) => db2 (cont.) => db2 (cont.) => CREATE TABLE BranchManager ( eID INT NOT NULL PRIMARY KEY, branchID INT NOT NULL UNIQUE, FOREIGN KEY (eID) REFERENCES Employee(eID), FOREIGN KEY (branchID) REFERENCES Branch(branchID) )
DB20000I  The SQL command completed successfully.

db2 => db2 => db2 (cont.) => ALTER TABLE Branch ADD CONSTRAINT fk_branch_manager FOREIGN KEY (managerID) REFERENCES Employee(eID)
DB20000I  The SQL command completed successfully.

db2 => db2 => db2 (cont.) => db2 (cont.) => db2 (cont.) => db2 (cont.) => db2 (cont.) => db2 (cont.) => CREATE TABLE Customer ( email VARCHAR(255) NOT NULL PRIMARY KEY, name VARCHAR(150), address VARCHAR(200), license_expiry DATE )
DB20000I  The SQL command completed successfully.

db2 => db2 => db2 (cont.) => db2 (cont.) => db2 (cont.) => db2 (cont.) => db2 (cont.) => db2 (cont.) => CREATE TABLE Reservation ( resID INT NOT NULL PRIMARY KEY, bookedAtTime TIMESTAMP NOT NULL, email VARCHAR(255) NOT NULL, FOREIGN KEY (email) REFERENCES Customer(email) )
DB20000I  The SQL command completed successfully.

db2 => db2 => db2 (cont.) => db2 (cont.) => db2 (cont.) => db2 (cont.) => db2 (cont.) => db2 (cont.) => db2 (cont.) => db2 (cont.) => CREATE TABLE RentalPeriod ( resID INT NOT NULL, periodID INT NOT NULL, pickupDate DATE, returnDate DATE, PRIMARY KEY (resID, periodID), FOREIGN KEY (resID) REFERENCES Reservation(resID) )
DB20000I  The SQL command completed successfully.

db2 => db2 => db2 (cont.) => db2 (cont.) => db2 (cont.) => db2 (cont.) => db2 (cont.) => db2 (cont.) => db2 (cont.) => db2 (cont.) => db2 (cont.) => db2 (cont.) => db2 (cont.) => db2 (cont.) => CREATE TABLE Vehicle ( vin CHAR(17) NOT NULL PRIMARY KEY, license_plate VARCHAR(20), mileage INT, model VARCHAR(100), status VARCHAR(30), make VARCHAR(50), classID INT NOT NULL, branchID INT NOT NULL, FOREIGN KEY (classID) REFERENCES VehicleClass(classID), FOREIGN KEY (branchID) REFERENCES Branch(branchID) )
DB20000I  The SQL command completed successfully.

db2 => db2 => db2 (cont.) => db2 (cont.) => db2 (cont.) => db2 (cont.) => db2 (cont.) => db2 (cont.) => db2 (cont.) => db2 (cont.) => db2 (cont.) => db2 (cont.) => db2 (cont.) => CREATE TABLE Agreement ( contractID INT NOT NULL PRIMARY KEY, planType VARCHAR(50), totalCost DECIMAL(12,2), eID INT NOT NULL, vin CHAR(17) NOT NULL, resID INT NOT NULL, FOREIGN KEY (eID) REFERENCES Employee(eID), FOREIGN KEY (vin) REFERENCES Vehicle(vin), FOREIGN KEY (resID) REFERENCES Reservation(resID) )
DB20000I  The SQL command completed successfully.

db2 => db2 => db2 (cont.) => db2 (cont.) => db2 (cont.) => db2 (cont.) => db2 (cont.) => db2 (cont.) => db2 (cont.) => db2 (cont.) => db2 (cont.) => CREATE TABLE Relocation ( sourceAreaID INT NOT NULL, targetAreaID INT NOT NULL, fee DECIMAL(10,2) NOT NULL, PRIMARY KEY (sourceAreaID, targetAreaID), FOREIGN KEY (sourceAreaID) REFERENCES Area(areaID), FOREIGN KEY (targetAreaID) REFERENCES Area(areaID), CHECK (sourceAreaID <> targetAreaID) )
DB20000I  The SQL command completed successfully.

db2 => db2 => db2 => 